// Vitest Snapshot v1, https://vitest.dev/guide/snapshot.html

exports[`WelcomeItem.vue > applies correct styles 1`] = `
<div
  class="item"
  data-v-bd9b3c35=""
>
  <i
    data-v-bd9b3c35=""
  >
    
    
  </i>
  <div
    class="details"
    data-v-bd9b3c35=""
  >
    <h3
      data-v-bd9b3c35=""
    >
      
      
    </h3>
    
    
  </div>
</div>
`;
